Analysis & Synthesis report for cpu4inst
Mon Dec 11 10:46:28 2017
Quartus II Version 9.1 Build 222 10/21/2009 SJ Web Edition


---------------------
; Table of Contents ;
---------------------
  1. Legal Notice
  2. Analysis & Synthesis Summary
  3. Analysis & Synthesis Settings
  4. Parallel Compilation
  5. Analysis & Synthesis Source Files Read
  6. Analysis & Synthesis Resource Usage Summary
  7. Analysis & Synthesis Resource Utilization by Entity
  8. User-Specified and Inferred Latches
  9. Registers Removed During Synthesis
 10. General Register Statistics
 11. Multiplexer Restructuring Statistics (Restructuring Performed)
 12. Analysis & Synthesis Messages



----------------
; Legal Notice ;
----------------
Copyright (C) 1991-2009 Altera Corporation
Your use of Altera Corporation's design tools, logic functions 
and other software and tools, and its AMPP partner logic 
functions, and any output files from any of the foregoing 
(including device programming or simulation files), and any 
associated documentation or information are expressly subject 
to the terms and conditions of the Altera Program License 
Subscription Agreement, Altera MegaCore Function License 
Agreement, or other applicable license agreement, including, 
without limitation, that your use is for the sole purpose of 
programming logic devices manufactured by Altera and sold by 
Altera or its authorized distributors.  Please refer to the 
applicable agreement for further details.



+------------------------------------------------------------------------------+
; Analysis & Synthesis Summary                                                 ;
+------------------------------------+-----------------------------------------+
; Analysis & Synthesis Status        ; Successful - Mon Dec 11 10:46:28 2017   ;
; Quartus II Version                 ; 9.1 Build 222 10/21/2009 SJ Web Edition ;
; Revision Name                      ; cpu4inst                                ;
; Top-level Entity Name              ; cpu4inst                                ;
; Family                             ; Cyclone II                              ;
; Total logic elements               ; 118                                     ;
;     Total combinational functions  ; 102                                     ;
;     Dedicated logic registers      ; 50                                      ;
; Total registers                    ; 50                                      ;
; Total pins                         ; 65                                      ;
; Total virtual pins                 ; 0                                       ;
; Total memory bits                  ; 0                                       ;
; Embedded Multiplier 9-bit elements ; 0                                       ;
; Total PLLs                         ; 0                                       ;
+------------------------------------+-----------------------------------------+


+----------------------------------------------------------------------------------------------------------------------+
; Analysis & Synthesis Settings                                                                                        ;
+----------------------------------------------------------------------------+--------------------+--------------------+
; Option                                                                     ; Setting            ; Default Value      ;
+----------------------------------------------------------------------------+--------------------+--------------------+
; Device                                                                     ; EP2C35F672C6       ;                    ;
; Top-level entity name                                                      ; cpu4inst           ; cpu4inst           ;
; Family name                                                                ; Cyclone II         ; Cyclone IV GX      ;
; Use Generated Physical Constraints File                                    ; Off                ;                    ;
; Synchronization Register Chain Length                                      ; 2                  ; 3                  ;
; Use smart compilation                                                      ; Off                ; Off                ;
; Enable parallel Assembler and TimeQuest Timing Analyzer during compilation ; On                 ; On                 ;
; Enable compact report table                                                ; Off                ; Off                ;
; Restructure Multiplexers                                                   ; Auto               ; Auto               ;
; Create Debugging Nodes for IP Cores                                        ; Off                ; Off                ;
; Preserve fewer node names                                                  ; On                 ; On                 ;
; Disable OpenCore Plus hardware evaluation                                  ; Off                ; Off                ;
; Verilog Version                                                            ; Verilog_2001       ; Verilog_2001       ;
; VHDL Version                                                               ; VHDL_1993          ; VHDL_1993          ;
; State Machine Processing                                                   ; Auto               ; Auto               ;
; Safe State Machine                                                         ; Off                ; Off                ;
; Extract Verilog State Machines                                             ; On                 ; On                 ;
; Extract VHDL State Machines                                                ; On                 ; On                 ;
; Ignore Verilog initial constructs                                          ; Off                ; Off                ;
; Iteration limit for constant Verilog loops                                 ; 5000               ; 5000               ;
; Iteration limit for non-constant Verilog loops                             ; 250                ; 250                ;
; Add Pass-Through Logic to Inferred RAMs                                    ; On                 ; On                 ;
; Parallel Synthesis                                                         ; On                 ; On                 ;
; DSP Block Balancing                                                        ; Auto               ; Auto               ;
; NOT Gate Push-Back                                                         ; On                 ; On                 ;
; Power-Up Don't Care                                                        ; On                 ; On                 ;
; Remove Redundant Logic Cells                                               ; Off                ; Off                ;
; Remove Duplicate Registers                                                 ; On                 ; On                 ;
; Ignore CARRY Buffers                                                       ; Off                ; Off                ;
; Ignore CASCADE Buffers                                                     ; Off                ; Off                ;
; Ignore GLOBAL Buffers                                                      ; Off                ; Off                ;
; Ignore ROW GLOBAL Buffers                                                  ; Off                ; Off                ;
; Ignore LCELL Buffers                                                       ; Off                ; Off                ;
; Ignore SOFT Buffers                                                        ; On                 ; On                 ;
; Limit AHDL Integers to 32 Bits                                             ; Off                ; Off                ;
; Optimization Technique                                                     ; Balanced           ; Balanced           ;
; Carry Chain Length                                                         ; 70                 ; 70                 ;
; Auto Carry Chains                                                          ; On                 ; On                 ;
; Auto Open-Drain Pins                                                       ; On                 ; On                 ;
; Perform WYSIWYG Primitive Resynthesis                                      ; Off                ; Off                ;
; Auto ROM Replacement                                                       ; On                 ; On                 ;
; Auto RAM Replacement                                                       ; On                 ; On                 ;
; Auto Shift Register Replacement                                            ; Auto               ; Auto               ;
; Auto Clock Enable Replacement                                              ; On                 ; On                 ;
; Strict RAM Replacement                                                     ; Off                ; Off                ;
; Allow Synchronous Control Signals                                          ; On                 ; On                 ;
; Force Use of Synchronous Clear Signals                                     ; Off                ; Off                ;
; Auto RAM to Logic Cell Conversion                                          ; Off                ; Off                ;
; Auto Resource Sharing                                                      ; Off                ; Off                ;
; Allow Any RAM Size For Recognition                                         ; Off                ; Off                ;
; Allow Any ROM Size For Recognition                                         ; Off                ; Off                ;
; Allow Any Shift Register Size For Recognition                              ; Off                ; Off                ;
; Use LogicLock Constraints during Resource Balancing                        ; On                 ; On                 ;
; Ignore translate_off and synthesis_off directives                          ; Off                ; Off                ;
; Timing-Driven Synthesis                                                    ; Off                ; Off                ;
; Show Parameter Settings Tables in Synthesis Report                         ; On                 ; On                 ;
; Ignore Maximum Fan-Out Assignments                                         ; Off                ; Off                ;
; PowerPlay Power Optimization                                               ; Normal compilation ; Normal compilation ;
; HDL message level                                                          ; Level2             ; Level2             ;
; Suppress Register Optimization Related Messages                            ; Off                ; Off                ;
; Number of Removed Registers Reported in Synthesis Report                   ; 5000               ; 5000               ;
; Number of Inverted Registers Reported in Synthesis Report                  ; 100                ; 100                ;
; Clock MUX Protection                                                       ; On                 ; On                 ;
; Auto Gated Clock Conversion                                                ; Off                ; Off                ;
; Block Design Naming                                                        ; Auto               ; Auto               ;
; SDC constraint protection                                                  ; Off                ; Off                ;
; Synthesis Effort                                                           ; Auto               ; Auto               ;
; Shift Register Replacement - Allow Asynchronous Clear Signal               ; On                 ; On                 ;
; Analysis & Synthesis Message Level                                         ; Medium             ; Medium             ;
; Disable Register Merging Across Hierarchies                                ; Auto               ; Auto               ;
; Resource Aware Inference For Block RAM                                     ; On                 ; On                 ;
+----------------------------------------------------------------------------+--------------------+--------------------+


Parallel compilation was disabled, but you have multiple processors available. Enable parallel compilation to reduce compilation time.
+-------------------------------------+
; Parallel Compilation                ;
+----------------------------+--------+
; Processors                 ; Number ;
+----------------------------+--------+
; Number detected on machine ; 2      ;
; Maximum allowed            ; 1      ;
+----------------------------+--------+


+-----------------------------------------------------------------------------------------------------------------------+
; Analysis & Synthesis Source Files Read                                                                                ;
+----------------------------------+-----------------+-----------------+------------------------------------------------+
; File Name with User-Entered Path ; Used in Netlist ; File Type       ; File Name with Absolute Path                   ;
+----------------------------------+-----------------+-----------------+------------------------------------------------+
; alu.vhdl                         ; yes             ; User VHDL File  ; F:/cpu de 4 instrucciones/alu.vhdl             ;
; buffer3e.vhdl                    ; yes             ; User VHDL File  ; F:/cpu de 4 instrucciones/buffer3e.vhdl        ;
; control.vhdl                     ; yes             ; User VHDL File  ; F:/cpu de 4 instrucciones/control.vhdl         ;
; cpu4inst.vhdl                    ; yes             ; User VHDL File  ; F:/cpu de 4 instrucciones/cpu4inst.vhdl        ;
; dl_bib.vhdl                      ; yes             ; User VHDL File  ; F:/cpu de 4 instrucciones/dl_bib.vhdl          ;
; registro.vhdl                    ; yes             ; User VHDL File  ; F:/cpu de 4 instrucciones/registro.vhdl        ;
; decobin2hex7seg.vhdl             ; yes             ; User VHDL File  ; F:/cpu de 4 instrucciones/decobin2hex7seg.vhdl ;
+----------------------------------+-----------------+-----------------+------------------------------------------------+


+-----------------------------------------------------+
; Analysis & Synthesis Resource Usage Summary         ;
+---------------------------------------------+-------+
; Resource                                    ; Usage ;
+---------------------------------------------+-------+
; Estimated Total logic elements              ; 118   ;
;                                             ;       ;
; Total combinational functions               ; 102   ;
; Logic element usage by number of LUT inputs ;       ;
;     -- 4 input functions                    ; 49    ;
;     -- 3 input functions                    ; 26    ;
;     -- <=2 input functions                  ; 27    ;
;                                             ;       ;
; Logic elements by mode                      ;       ;
;     -- normal mode                          ; 78    ;
;     -- arithmetic mode                      ; 24    ;
;                                             ;       ;
; Total registers                             ; 50    ;
;     -- Dedicated logic registers            ; 50    ;
;     -- I/O registers                        ; 0     ;
;                                             ;       ;
; I/O pins                                    ; 65    ;
; Maximum fan-out node                        ; clk   ;
; Maximum fan-out                             ; 26    ;
; Total fan-out                               ; 509   ;
; Average fan-out                             ; 2.35  ;
+---------------------------------------------+-------+


+--------------------------------------------------------------------------------------------------------------------------------------------------------------------------------------+
; Analysis & Synthesis Resource Utilization by Entity                                                                                                                                  ;
+----------------------------+-------------------+--------------+-------------+--------------+---------+-----------+------+--------------+------------------------------+--------------+
; Compilation Hierarchy Node ; LC Combinationals ; LC Registers ; Memory Bits ; DSP Elements ; DSP 9x9 ; DSP 18x18 ; Pins ; Virtual Pins ; Full Hierarchy Name          ; Library Name ;
+----------------------------+-------------------+--------------+-------------+--------------+---------+-----------+------+--------------+------------------------------+--------------+
; |cpu4inst                  ; 102 (42)          ; 50 (26)      ; 0           ; 0            ; 0       ; 0         ; 65   ; 0            ; |cpu4inst                    ; work         ;
;    |control:cont|          ; 25 (25)           ; 4 (4)        ; 0           ; 0            ; 0       ; 0         ; 0    ; 0            ; |cpu4inst|control:cont       ;              ;
;    |decobin2hex7seg:u0|    ; 7 (7)             ; 0 (0)        ; 0           ; 0            ; 0       ; 0         ; 0    ; 0            ; |cpu4inst|decobin2hex7seg:u0 ;              ;
;    |decobin2hex7seg:u1|    ; 7 (7)             ; 0 (0)        ; 0           ; 0            ; 0       ; 0         ; 0    ; 0            ; |cpu4inst|decobin2hex7seg:u1 ;              ;
;    |decobin2hex7seg:u2|    ; 7 (7)             ; 0 (0)        ; 0           ; 0            ; 0       ; 0         ; 0    ; 0            ; |cpu4inst|decobin2hex7seg:u2 ;              ;
;    |decobin2hex7seg:u3|    ; 7 (7)             ; 0 (0)        ; 0           ; 0            ; 0       ; 0         ; 0    ; 0            ; |cpu4inst|decobin2hex7seg:u3 ;              ;
;    |decobin2hex7seg:u4|    ; 7 (7)             ; 0 (0)        ; 0           ; 0            ; 0       ; 0         ; 0    ; 0            ; |cpu4inst|decobin2hex7seg:u4 ;              ;
;    |registro:r0|           ; 0 (0)             ; 4 (4)        ; 0           ; 0            ; 0       ; 0         ; 0    ; 0            ; |cpu4inst|registro:r0        ;              ;
;    |registro:r1|           ; 0 (0)             ; 4 (4)        ; 0           ; 0            ; 0       ; 0         ; 0    ; 0            ; |cpu4inst|registro:r1        ;              ;
;    |registro:r2|           ; 0 (0)             ; 4 (4)        ; 0           ; 0            ; 0       ; 0         ; 0    ; 0            ; |cpu4inst|registro:r2        ;              ;
;    |registro:r3|           ; 0 (0)             ; 4 (4)        ; 0           ; 0            ; 0       ; 0         ; 0    ; 0            ; |cpu4inst|registro:r3        ;              ;
;    |registro:rt0|          ; 0 (0)             ; 4 (4)        ; 0           ; 0            ; 0       ; 0         ; 0    ; 0            ; |cpu4inst|registro:rt0       ;              ;
+----------------------------+-------------------+--------------+-------------+--------------+---------+-----------+------+--------------+------------------------------+--------------+
Note: For table entries with two numbers listed, the numbers in parentheses indicate the number of resources of the given type used by the specific entity alone. The numbers listed outside of parentheses indicate the total resources of the given type used by the specific entity and all of its sub-entities in the hierarchy.


+---------------------------------------------------------------------------------------------------+
; User-Specified and Inferred Latches                                                               ;
+----------------------------------------------------+---------------------+------------------------+
; Latch Name                                         ; Latch Enable Signal ; Free of Timing Hazards ;
+----------------------------------------------------+---------------------+------------------------+
; control:cont|done                                  ; control:cont|Mux26  ; yes                    ;
; control:cont|q[9]                                  ; control:cont|Mux24  ; yes                    ;
; control:cont|q[0]                                  ; control:cont|Mux24  ; yes                    ;
; control:cont|q[12]                                 ; control:cont|Mux24  ; yes                    ;
; control:cont|q[10]                                 ; control:cont|Mux24  ; yes                    ;
; control:cont|q[8]                                  ; control:cont|Mux24  ; yes                    ;
; control:cont|q[6]                                  ; control:cont|Mux24  ; yes                    ;
; control:cont|q[4]                                  ; control:cont|Mux24  ; yes                    ;
; Number of user-specified and inferred latches = 8  ;                     ;                        ;
+----------------------------------------------------+---------------------+------------------------+
Note: All latches listed above may not be present at the end of synthesis due to various synthesis optimizations.


+-------------------------------------------------------------------------------------+
; Registers Removed During Synthesis                                                  ;
+---------------------------------------+---------------------------------------------+
; Register name                         ; Reason for Removal                          ;
+---------------------------------------+---------------------------------------------+
; registro:rt1|sal[0..3]                ; Stuck at GND due to stuck port clock_enable ;
; Total Number of Removed Registers = 4 ;                                             ;
+---------------------------------------+---------------------------------------------+


+------------------------------------------------------+
; General Register Statistics                          ;
+----------------------------------------------+-------+
; Statistic                                    ; Value ;
+----------------------------------------------+-------+
; Total registers                              ; 50    ;
; Number of registers using Synchronous Clear  ; 25    ;
; Number of registers using Synchronous Load   ; 0     ;
; Number of registers using Asynchronous Clear ; 0     ;
; Number of registers using Asynchronous Load  ; 0     ;
; Number of registers using Clock Enable       ; 20    ;
; Number of registers using Preset             ; 0     ;
+----------------------------------------------+-------+


+--------------------------------------------------------------------------------------------------------------------------------------------+
; Multiplexer Restructuring Statistics (Restructuring Performed)                                                                             ;
+--------------------+-----------+---------------+----------------------+------------------------+------------+------------------------------+
; Multiplexer Inputs ; Bus Width ; Baseline Area ; Area if Restructured ; Saving if Restructured ; Registered ; Example Multiplexer Output   ;
+--------------------+-----------+---------------+----------------------+------------------------+------------+------------------------------+
; 9:1                ; 2 bits    ; 12 LEs        ; 8 LEs                ; 4 LEs                  ; Yes        ; |cpu4inst|control:cont|ep[2] ;
; 5:1                ; 2 bits    ; 6 LEs         ; 2 LEs                ; 4 LEs                  ; No         ; |cpu4inst|control:cont|Mux9  ;
; 6:1                ; 4 bits    ; 16 LEs        ; 16 LEs               ; 0 LEs                  ; No         ; |cpu4inst|bus_alam[0]        ;
+--------------------+-----------+---------------+----------------------+------------------------+------------+------------------------------+


+-------------------------------+
; Analysis & Synthesis Messages ;
+-------------------------------+
Info: *******************************************************************
Info: Running Quartus II Analysis & Synthesis
    Info: Version 9.1 Build 222 10/21/2009 SJ Web Edition
    Info: Processing started: Mon Dec 11 10:46:19 2017
Info: Command: quartus_map --read_settings_files=on --write_settings_files=off cpu4inst -c cpu4inst
Info: Found 2 design units, including 1 entities, in source file alu.vhdl
    Info: Found design unit 1: alu-beh
    Info: Found entity 1: alu
Info: Found 2 design units, including 1 entities, in source file buffer3e.vhdl
    Info: Found design unit 1: buffer3e-beh
    Info: Found entity 1: buffer3e
Info: Found 2 design units, including 1 entities, in source file control.vhdl
    Info: Found design unit 1: control-beh
    Info: Found entity 1: control
Info: Found 2 design units, including 1 entities, in source file cpu4inst.vhdl
    Info: Found design unit 1: cpu4inst-beh
    Info: Found entity 1: cpu4inst
Info: Found 1 design units, including 0 entities, in source file dl_bib.vhdl
    Info: Found design unit 1: dl_bib
Info: Found 2 design units, including 1 entities, in source file registro.vhdl
    Info: Found design unit 1: registro-beh
    Info: Found entity 1: registro
Info: Found 2 design units, including 1 entities, in source file decobin2hex7seg.vhdl
    Info: Found design unit 1: decobin2hex7seg-beh
    Info: Found entity 1: decobin2hex7seg
Info: Elaborating entity "cpu4inst" for the top level hierarchy
Warning (10541): VHDL Signal Declaration warning at cpu4inst.vhdl(10): used implicit default value for signal "lcd" because signal was never assigned a value or an explicit default value. Use of implicit default value may introduce unintended design optimizations.
Info: Elaborating entity "control" for hierarchy "control:cont"
Warning (10631): VHDL Process Statement warning at control.vhdl(45): inferring latch(es) for signal or variable "done", which holds its previous value in one or more paths through the process
Warning (10631): VHDL Process Statement warning at control.vhdl(45): inferring latch(es) for signal or variable "q", which holds its previous value in one or more paths through the process
Info (10041): Inferred latch for "q[0]" at control.vhdl(45)
Info (10041): Inferred latch for "q[1]" at control.vhdl(45)
Info (10041): Inferred latch for "q[2]" at control.vhdl(45)
Info (10041): Inferred latch for "q[3]" at control.vhdl(45)
Info (10041): Inferred latch for "q[4]" at control.vhdl(45)
Info (10041): Inferred latch for "q[5]" at control.vhdl(45)
Info (10041): Inferred latch for "q[6]" at control.vhdl(45)
Info (10041): Inferred latch for "q[7]" at control.vhdl(45)
Info (10041): Inferred latch for "q[8]" at control.vhdl(45)
Info (10041): Inferred latch for "q[9]" at control.vhdl(45)
Info (10041): Inferred latch for "q[10]" at control.vhdl(45)
Info (10041): Inferred latch for "q[11]" at control.vhdl(45)
Info (10041): Inferred latch for "q[12]" at control.vhdl(45)
Info (10041): Inferred latch for "done" at control.vhdl(45)
Info: Elaborating entity "registro" for hierarchy "registro:r0"
Info: Elaborating entity "buffer3e" for hierarchy "buffer3e:b0"
Info: Elaborating entity "alu" for hierarchy "alu:alu0"
Info: Elaborating entity "decobin2hex7seg" for hierarchy "decobin2hex7seg:u0"
Warning: Tri-state node(s) do not directly drive top-level pin(s)
    Warning: Converted tri-state node "bus_alam[3]" into a selector
    Warning: Converted tri-state node "bus_alam[2]" into a selector
    Warning: Converted tri-state node "bus_alam[1]" into a selector
    Warning: Converted tri-state node "bus_alam[0]" into a selector
Warning: Latch control:cont|done has unsafe behavior
    Warning: Ports D and ENA on the latch are fed by the same signal control:cont|ep[3]
Warning: Latch control:cont|q[9] has unsafe behavior
    Warning: Ports D and ENA on the latch are fed by the same signal control:cont|ep[1]
Warning: Latch control:cont|q[0] has unsafe behavior
    Warning: Ports D and ENA on the latch are fed by the same signal control:cont|ep[0]
Warning: Latch control:cont|q[12] has unsafe behavior
    Warning: Ports D and ENA on the latch are fed by the same signal inst[1]
Warning: Latch control:cont|q[10] has unsafe behavior
    Warning: Ports D and ENA on the latch are fed by the same signal inst[1]
Warning: Latch control:cont|q[8] has unsafe behavior
    Warning: Ports D and ENA on the latch are fed by the same signal control:cont|ep[0]
Warning: Latch control:cont|q[6] has unsafe behavior
    Warning: Ports D and ENA on the latch are fed by the same signal control:cont|ep[0]
Warning: Latch control:cont|q[4] has unsafe behavior
    Warning: Ports D and ENA on the latch are fed by the same signal control:cont|ep[0]
Warning: Output pins are stuck at VCC or GND
    Warning (13410): Pin "lcd[0]" is stuck at GND
    Warning (13410): Pin "lcd[1]" is stuck at GND
    Warning (13410): Pin "lcd[2]" is stuck at GND
    Warning (13410): Pin "lcd[3]" is stuck at GND
    Warning (13410): Pin "lcd[4]" is stuck at GND
    Warning (13410): Pin "lcd[5]" is stuck at GND
    Warning (13410): Pin "lcd[6]" is stuck at GND
    Warning (13410): Pin "lcd[7]" is stuck at GND
    Warning (13410): Pin "lcd[8]" is stuck at GND
    Warning (13410): Pin "lcd[9]" is stuck at GND
    Warning (13410): Pin "lcd[10]" is stuck at GND
    Warning (13410): Pin "lcd[11]" is stuck at GND
    Warning (13410): Pin "dt1[0]" is stuck at GND
    Warning (13410): Pin "dt1[1]" is stuck at GND
    Warning (13410): Pin "dt1[2]" is stuck at GND
    Warning (13410): Pin "dt1[3]" is stuck at GND
    Warning (13410): Pin "dt1[4]" is stuck at GND
    Warning (13410): Pin "dt1[5]" is stuck at GND
    Warning (13410): Pin "dt1[6]" is stuck at VCC
Info: Implemented 188 device resources after synthesis - the final resource count might be different
    Info: Implemented 9 input pins
    Info: Implemented 56 output pins
    Info: Implemented 123 logic cells
Info: Quartus II Analysis & Synthesis was successful. 0 errors, 44 warnings
    Info: Peak virtual memory: 231 megabytes
    Info: Processing ended: Mon Dec 11 10:46:29 2017
    Info: Elapsed time: 00:00:10
    Info: Total CPU time (on all processors): 00:00:02


