--------------------------------------------------------------------------------------
Timing Analyzer Summary
--------------------------------------------------------------------------------------

Type           : Worst-case tsu
Slack          : N/A
Required Time  : None
Actual Time    : -0.101 ns
From           : inst[1]
To             : control:cont|q[6]
From Clock     : --
To Clock       : inst[1]
Failed Paths   : 0

Type           : Worst-case tco
Slack          : N/A
Required Time  : None
Actual Time    : 16.698 ns
From           : registro:rt0|sal[2]
To             : dt0[4]
From Clock     : interna
To Clock       : --
Failed Paths   : 0

Type           : Worst-case th
Slack          : N/A
Required Time  : None
Actual Time    : 6.805 ns
From           : inst[0]
To             : control:cont|q[9]
From Clock     : --
To Clock       : interna
Failed Paths   : 0

Type           : Clock Setup: 'interna'
Slack          : N/A
Required Time  : None
Actual Time    : 153.85 MHz ( period = 6.500 ns )
From           : control:cont|q[9]
To             : registro:rt0|sal[0]
From Clock     : interna
To Clock       : interna
Failed Paths   : 0

Type           : Clock Hold: 'interna'
Slack          : Not operational: Clock Skew > Data Delay
Required Time  : None
Actual Time    : N/A
From           : control:cont|ep[3]
To             : control:cont|q[8]
From Clock     : interna
To Clock       : interna
Failed Paths   : 24

Type           : Total number of failed paths
Slack          : 
Required Time  : 
Actual Time    : 
From           : 
To             : 
From Clock     : 
To Clock       : 
Failed Paths   : 24

--------------------------------------------------------------------------------------

